app/admin/users/page.tsx(78,5): error TS1109: Expression expected.
